// Jest Snapshot v1, https://goo.gl/fbAQLP

exports[`<Title /> правильно отображается 1`] = `
.c0 {
  margin: 0;
  margin-bottom: 0.75rem;
  font-size: 1.5rem;
  color: #F47983;
  text-transform: uppercase;
  -webkit-letter-spacing: 0.05rem;
  -moz-letter-spacing: 0.05rem;
  -ms-letter-spacing: 0.05rem;
  letter-spacing: 0.05rem;
}

<h1
  class="c0"
/>
`;
