// Jest Snapshot v1, https://goo.gl/fbAQLP

exports[`<Text /> правильно отображается 1`] = `
<div
  class=""
/>
`;
