// Jest Snapshot v1, https://goo.gl/fbAQLP

exports[`<Card /> renders properly 1`] = `
.c0 {
  padding: 12px 16px;
  border-radius: 4px;
  box-shadow: 0 0 4px 0 rgba(0,0,0,.2);
  background: #fff;
}

<div
  class="c0"
/>
`;
