// Jest Snapshot v1, https://goo.gl/fbAQLP

exports[`<TagsList /> renders properly 1`] = `
.c0 {
  display: -webkit-box;
  display: -webkit-flex;
  display: -ms-flexbox;
  display: flex;
  -webkit-flex-wrap: wrap;
  -ms-flex-wrap: wrap;
  flex-wrap: wrap;
  margin: -8px;
  padding: 0;
  min-width: 100%;
  list-style: none;
}

<ul
  class="c0"
/>
`;
