// Jest Snapshot v1, https://goo.gl/fbAQLP

exports[`<BurgerBtn /> правильно отображается 1`] = `
.c0 {
  height: 48px;
  width: 48px;
  position: relative;
  border: none;
  padding: 16px 12px;
  background: none;
  cursor: pointer;
}

.c2 {
  position: absolute;
  left: 0;
  width: 100%;
  height: 2px;
  background: currentColor;
  top: 50%;
  -webkit-transform: translateY(-50%);
  -ms-transform: translateY(-50%);
  transform: translateY(-50%);
}

.c1 {
  position: relative;
  display: block;
  width: 100%;
  height: 100%;
  -webkit-transition-duration: 0.22s;
  transition-duration: 0.22s;
  -webkit-transition-timing-function: cubic-bezier(0.55,0.055,0.675,0.19);
  transition-timing-function: cubic-bezier(0.55,0.055,0.675,0.19);
}

.c1::before,
.c1::after {
  position: absolute;
  left: 0;
  width: 100%;
  height: 2px;
  background: currentColor;
  content: '';
}

.c1::before {
  top: 0;
  -webkit-transition: top 0.1s 0.25s ease-in,opacity 0.1s ease-in;
  transition: top 0.1s 0.25s ease-in,opacity 0.1s ease-in;
}

.c1::after {
  bottom: 0;
  -webkit-transition: bottom 0.1s 0.25s ease-in, -webkit-transform 0.22s cubic-bezier(0.55,0.055,0.675,0.19);
  -webkit-transition: bottom 0.1s 0.25s ease-in, transform 0.22s cubic-bezier(0.55,0.055,0.675,0.19);
  transition: bottom 0.1s 0.25s ease-in, transform 0.22s cubic-bezier(0.55,0.055,0.675,0.19);
}

<button
  aria-controls="main-nav"
  aria-label="Toggle menu"
  class="c0"
>
  <span
    class="c1"
  >
    <span
      class="c2"
    />
  </span>
</button>
`;
